<?xml version="1.0" encoding="UTF-8"?>
<TestRun id="a1810cb1-2216-453f-9859-647b300b70df" name="Javi@JAVI-PC 2010-09-19 18:25:20" runUser="Javi-PC\Javi" xmlns="http://microsoft.com/schemas/VisualStudio/TeamTest/2010">
  <TestSettings name="Local" id="da34d0b4-0511-46eb-bb91-669de211e68e">
    <Description>These are default test settings for a local test run.</Description>
    <Deployment enabled="false" runDeploymentRoot="Javi_JAVI-PC 2010-09-19 18_25_20">
      <DeploymentItem filename="C:\Code\WcfHttpAuth\WcfHttpAuth\bin\Debug\WcfHttpAuth.dll" />
    </Deployment>
    <Execution>
      <TestTypeSpecific />
      <AgentRule name="Execution Agents">
      </AgentRule>
    </Execution>
  </TestSettings>
  <Times creation="2010-09-19T18:25:20.1027717+02:00" queuing="2010-09-19T18:25:20.3287846+02:00" start="2010-09-19T18:25:20.3717870+02:00" finish="2010-09-19T18:25:23.6349737+02:00" />
  <ResultSummary outcome="Failed">
    <Counters total="8" executed="8" passed="7" error="0" failed="1" timeout="0" aborted="0" inconclusive="0" passedButRunAborted="0" notRunnable="0" notExecuted="0" disconnected="0" warning="0" completed="0" inProgress="0" pending="0" />
  </ResultSummary>
  <TestDefinitions>
    <UnitTest name="Given_credentials_are_invalid_then_should_return_401" storage="c:\code\wcfhttpauth\wcfhttpauth.integrationtests\bin\debug\wcfhttpauth.integrationtests.dll" id="9566efb0-741c-90b7-c3af-168c9f4ebed6">
      <Execution id="336b7048-0b46-41f4-84a6-c27b4d8241d5" />
      <TestMethod codeBase="C:/Code/WcfHttpAuth/WcfHttpAuth.IntegrationTests/bin/Debug/WcfHttpAuth.IntegrationTests.DLL" adapterTypeName="Microsoft.VisualStudio.TestTools.TestTypes.Unit.UnitTestAdapter, Microsoft.VisualStudio.QualityTools.Tips.UnitTest.Adapter, Version=10.0.0.0, Culture=neutral, PublicKeyToken=b03f5f7f11d50a3a" className="WcfHttpAuth.IntegrationTests.When_calling_a_wsse_auth_service, WcfHttpAuth.IntegrationTests, Version=1.0.0.0, Culture=neutral, PublicKeyToken=null" name="Given_credentials_are_invalid_then_should_return_401" />
    </UnitTest>
    <UnitTest name="Given_credentials_are_valid_then_should_return_200" storage="c:\code\wcfhttpauth\wcfhttpauth.integrationtests\bin\debug\wcfhttpauth.integrationtests.dll" id="3d5a2998-aebd-79e2-bb3a-f979cf6d64b5">
      <Execution id="7136238d-9fa2-42a8-acbe-8b6a2f1feed2" />
      <TestMethod codeBase="C:/Code/WcfHttpAuth/WcfHttpAuth.IntegrationTests/bin/Debug/WcfHttpAuth.IntegrationTests.DLL" adapterTypeName="Microsoft.VisualStudio.TestTools.TestTypes.Unit.UnitTestAdapter, Microsoft.VisualStudio.QualityTools.Tips.UnitTest.Adapter, Version=10.0.0.0, Culture=neutral, PublicKeyToken=b03f5f7f11d50a3a" className="WcfHttpAuth.IntegrationTests.When_calling_a_wsse_auth_service, WcfHttpAuth.IntegrationTests, Version=1.0.0.0, Culture=neutral, PublicKeyToken=null" name="Given_credentials_are_valid_then_should_return_200" />
    </UnitTest>
    <UnitTest name="Given_credentials_are_invalid_then_should_return_401" storage="c:\code\wcfhttpauth\wcfhttpauth.integrationtests\bin\debug\wcfhttpauth.integrationtests.dll" id="66708f93-7293-f476-715a-1f4ac9ebac9e">
      <Execution id="eb94628c-cb45-41ea-9d9b-ebafdbbb6b64" />
      <TestMethod codeBase="C:/Code/WcfHttpAuth/WcfHttpAuth.IntegrationTests/bin/Debug/WcfHttpAuth.IntegrationTests.DLL" adapterTypeName="Microsoft.VisualStudio.TestTools.TestTypes.Unit.UnitTestAdapter, Microsoft.VisualStudio.QualityTools.Tips.UnitTest.Adapter, Version=10.0.0.0, Culture=neutral, PublicKeyToken=b03f5f7f11d50a3a" className="WcfHttpAuth.IntegrationTests.When_calling_a_basic_auth_service, WcfHttpAuth.IntegrationTests, Version=1.0.0.0, Culture=neutral, PublicKeyToken=null" name="Given_credentials_are_invalid_then_should_return_401" />
    </UnitTest>
    <UnitTest name="Given_timestamp_is_below_the_approved_threshold_then_should_return_401" storage="c:\code\wcfhttpauth\wcfhttpauth.integrationtests\bin\debug\wcfhttpauth.integrationtests.dll" id="ba1b1b35-e1e2-2b9b-09cc-5b51b77ffa91">
      <Execution id="8b4a1529-d055-42cb-bdd3-48307af5c805" />
      <TestMethod codeBase="C:/Code/WcfHttpAuth/WcfHttpAuth.IntegrationTests/bin/Debug/WcfHttpAuth.IntegrationTests.DLL" adapterTypeName="Microsoft.VisualStudio.TestTools.TestTypes.Unit.UnitTestAdapter, Microsoft.VisualStudio.QualityTools.Tips.UnitTest.Adapter, Version=10.0.0.0, Culture=neutral, PublicKeyToken=b03f5f7f11d50a3a" className="WcfHttpAuth.IntegrationTests.When_calling_a_wsse_auth_service, WcfHttpAuth.IntegrationTests, Version=1.0.0.0, Culture=neutral, PublicKeyToken=null" name="Given_timestamp_is_below_the_approved_threshold_then_should_return_401" />
    </UnitTest>
    <UnitTest name="Given_timestamp_is_above_the_approved_threshold_then_should_return_401" storage="c:\code\wcfhttpauth\wcfhttpauth.integrationtests\bin\debug\wcfhttpauth.integrationtests.dll" id="5d878050-317c-80e9-9104-b446890bd937">
      <Execution id="fbbe96cf-d7b2-40db-ae3d-69eba94a8821" />
      <TestMethod codeBase="C:/Code/WcfHttpAuth/WcfHttpAuth.IntegrationTests/bin/Debug/WcfHttpAuth.IntegrationTests.DLL" adapterTypeName="Microsoft.VisualStudio.TestTools.TestTypes.Unit.UnitTestAdapter, Microsoft.VisualStudio.QualityTools.Tips.UnitTest.Adapter, Version=10.0.0.0, Culture=neutral, PublicKeyToken=b03f5f7f11d50a3a" className="WcfHttpAuth.IntegrationTests.When_calling_a_wsse_auth_service, WcfHttpAuth.IntegrationTests, Version=1.0.0.0, Culture=neutral, PublicKeyToken=null" name="Given_timestamp_is_above_the_approved_threshold_then_should_return_401" />
    </UnitTest>
    <UnitTest name="Given_credentials_are_invalid_then_should_return_401" storage="c:\code\wcfhttpauth\wcfhttpauth.integrationtests\bin\debug\wcfhttpauth.integrationtests.dll" id="a9883bd5-00d9-e7fe-8003-6f56df192769">
      <Execution id="528c1fdf-8e33-4ccb-bd0d-25e003b3e2c9" />
      <TestMethod codeBase="C:/Code/WcfHttpAuth/WcfHttpAuth.IntegrationTests/bin/Debug/WcfHttpAuth.IntegrationTests.DLL" adapterTypeName="Microsoft.VisualStudio.TestTools.TestTypes.Unit.UnitTestAdapter, Microsoft.VisualStudio.QualityTools.Tips.UnitTest.Adapter, Version=10.0.0.0, Culture=neutral, PublicKeyToken=b03f5f7f11d50a3a" className="WcfHttpAuth.IntegrationTests.When_calling_a_digest_auth_service, WcfHttpAuth.IntegrationTests, Version=1.0.0.0, Culture=neutral, PublicKeyToken=null" name="Given_credentials_are_invalid_then_should_return_401" />
    </UnitTest>
    <UnitTest name="Given_credentials_are_valid_then_should_return_200" storage="c:\code\wcfhttpauth\wcfhttpauth.integrationtests\bin\debug\wcfhttpauth.integrationtests.dll" id="5d656e4d-d5f4-b90e-79a7-216a440af9f0">
      <Execution id="db7e21ac-3555-49a7-a5b3-af2aa0c27cc1" />
      <TestMethod codeBase="C:/Code/WcfHttpAuth/WcfHttpAuth.IntegrationTests/bin/Debug/WcfHttpAuth.IntegrationTests.DLL" adapterTypeName="Microsoft.VisualStudio.TestTools.TestTypes.Unit.UnitTestAdapter, Microsoft.VisualStudio.QualityTools.Tips.UnitTest.Adapter, Version=10.0.0.0, Culture=neutral, PublicKeyToken=b03f5f7f11d50a3a" className="WcfHttpAuth.IntegrationTests.When_calling_a_digest_auth_service, WcfHttpAuth.IntegrationTests, Version=1.0.0.0, Culture=neutral, PublicKeyToken=null" name="Given_credentials_are_valid_then_should_return_200" />
    </UnitTest>
    <UnitTest name="Given_credentials_are_valid_then_should_return_200" storage="c:\code\wcfhttpauth\wcfhttpauth.integrationtests\bin\debug\wcfhttpauth.integrationtests.dll" id="d2c4f2ed-2807-a47b-bc9e-9a4b6401e12e">
      <Execution id="b9306e1e-9ecc-4bb6-94da-da09fca70d31" />
      <TestMethod codeBase="C:/Code/WcfHttpAuth/WcfHttpAuth.IntegrationTests/bin/Debug/WcfHttpAuth.IntegrationTests.DLL" adapterTypeName="Microsoft.VisualStudio.TestTools.TestTypes.Unit.UnitTestAdapter, Microsoft.VisualStudio.QualityTools.Tips.UnitTest.Adapter, Version=10.0.0.0, Culture=neutral, PublicKeyToken=b03f5f7f11d50a3a" className="WcfHttpAuth.IntegrationTests.When_calling_a_basic_auth_service, WcfHttpAuth.IntegrationTests, Version=1.0.0.0, Culture=neutral, PublicKeyToken=null" name="Given_credentials_are_valid_then_should_return_200" />
    </UnitTest>
  </TestDefinitions>
  <TestLists>
    <TestList name="Results Not in a List" id="8c84fa94-04c1-424b-9868-57a2d4851a1d" />
    <TestList name="All Loaded Results" id="19431567-8539-422a-85d7-44ee4e166bda" />
  </TestLists>
  <TestEntries>
    <TestEntry testId="3d5a2998-aebd-79e2-bb3a-f979cf6d64b5" executionId="7136238d-9fa2-42a8-acbe-8b6a2f1feed2" testListId="8c84fa94-04c1-424b-9868-57a2d4851a1d" />
    <TestEntry testId="5d656e4d-d5f4-b90e-79a7-216a440af9f0" executionId="db7e21ac-3555-49a7-a5b3-af2aa0c27cc1" testListId="8c84fa94-04c1-424b-9868-57a2d4851a1d" />
    <TestEntry testId="5d878050-317c-80e9-9104-b446890bd937" executionId="fbbe96cf-d7b2-40db-ae3d-69eba94a8821" testListId="8c84fa94-04c1-424b-9868-57a2d4851a1d" />
    <TestEntry testId="66708f93-7293-f476-715a-1f4ac9ebac9e" executionId="eb94628c-cb45-41ea-9d9b-ebafdbbb6b64" testListId="8c84fa94-04c1-424b-9868-57a2d4851a1d" />
    <TestEntry testId="9566efb0-741c-90b7-c3af-168c9f4ebed6" executionId="336b7048-0b46-41f4-84a6-c27b4d8241d5" testListId="8c84fa94-04c1-424b-9868-57a2d4851a1d" />
    <TestEntry testId="a9883bd5-00d9-e7fe-8003-6f56df192769" executionId="528c1fdf-8e33-4ccb-bd0d-25e003b3e2c9" testListId="8c84fa94-04c1-424b-9868-57a2d4851a1d" />
    <TestEntry testId="ba1b1b35-e1e2-2b9b-09cc-5b51b77ffa91" executionId="8b4a1529-d055-42cb-bdd3-48307af5c805" testListId="8c84fa94-04c1-424b-9868-57a2d4851a1d" />
    <TestEntry testId="d2c4f2ed-2807-a47b-bc9e-9a4b6401e12e" executionId="b9306e1e-9ecc-4bb6-94da-da09fca70d31" testListId="8c84fa94-04c1-424b-9868-57a2d4851a1d" />
  </TestEntries>
  <Results>
    <UnitTestResult executionId="7136238d-9fa2-42a8-acbe-8b6a2f1feed2" testId="3d5a2998-aebd-79e2-bb3a-f979cf6d64b5" testName="Given_credentials_are_valid_then_should_return_200" computerName="JAVI-PC" duration="00:00:01.6772814" startTime="2010-09-19T18:25:20.3807876+02:00" endTime="2010-09-19T18:25:22.3859022+02:00" testType="13cdc9d9-ddb5-4fa4-a97d-d965ccfc6d4b" outcome="Passed" testListId="8c84fa94-04c1-424b-9868-57a2d4851a1d" relativeResultsDirectory="7136238d-9fa2-42a8-acbe-8b6a2f1feed2">
    </UnitTestResult>
    <UnitTestResult executionId="db7e21ac-3555-49a7-a5b3-af2aa0c27cc1" testId="5d656e4d-d5f4-b90e-79a7-216a440af9f0" testName="Given_credentials_are_valid_then_should_return_200" computerName="JAVI-PC" duration="00:00:00.0426904" startTime="2010-09-19T18:25:22.3889024+02:00" endTime="2010-09-19T18:25:22.4389053+02:00" testType="13cdc9d9-ddb5-4fa4-a97d-d965ccfc6d4b" outcome="Failed" testListId="8c84fa94-04c1-424b-9868-57a2d4851a1d" relativeResultsDirectory="db7e21ac-3555-49a7-a5b3-af2aa0c27cc1">
      <Output>
        <ErrorInfo>
          <Message>Test method WcfHttpAuth.IntegrationTests.When_calling_a_digest_auth_service.Given_credentials_are_valid_then_should_return_200 threw exception: 
System.Net.WebException: The remote server returned an error: (401) Unauthorized.</Message>
          <StackTrace>    at System.Net.HttpWebRequest.GetResponse()
   at WcfHttpAuth.Digest.DigestSession.ExecuteRequest(WebRequest request) in C:\Code\WcfHttpAuth\WcfHttpAuth\Digest\DigestSession.cs:line 74
   at WcfHttpAuth.Digest.DigestSession.ExecuteRequest() in C:\Code\WcfHttpAuth\WcfHttpAuth\Digest\DigestSession.cs:line 55
   at WcfHttpAuth.IntegrationTests.When_calling_a_digest_auth_service.Given_credentials_are_valid_then_should_return_200() in C:\Code\WcfHttpAuth\WcfHttpAuth.IntegrationTests\When_calling_a_digest_auth_service.cs:line 35
</StackTrace>
        </ErrorInfo>
      </Output>
    </UnitTestResult>
    <UnitTestResult executionId="fbbe96cf-d7b2-40db-ae3d-69eba94a8821" testId="5d878050-317c-80e9-9104-b446890bd937" testName="Given_timestamp_is_above_the_approved_threshold_then_should_return_401" computerName="JAVI-PC" duration="00:00:00.0066480" startTime="2010-09-19T18:25:22.4509060+02:00" endTime="2010-09-19T18:25:22.4619066+02:00" testType="13cdc9d9-ddb5-4fa4-a97d-d965ccfc6d4b" outcome="Passed" testListId="8c84fa94-04c1-424b-9868-57a2d4851a1d" relativeResultsDirectory="fbbe96cf-d7b2-40db-ae3d-69eba94a8821">
    </UnitTestResult>
    <UnitTestResult executionId="eb94628c-cb45-41ea-9d9b-ebafdbbb6b64" testId="66708f93-7293-f476-715a-1f4ac9ebac9e" testName="Given_credentials_are_invalid_then_should_return_401" computerName="JAVI-PC" duration="00:00:00.0185799" startTime="2010-09-19T18:25:22.4639067+02:00" endTime="2010-09-19T18:25:22.4889081+02:00" testType="13cdc9d9-ddb5-4fa4-a97d-d965ccfc6d4b" outcome="Passed" testListId="8c84fa94-04c1-424b-9868-57a2d4851a1d" relativeResultsDirectory="eb94628c-cb45-41ea-9d9b-ebafdbbb6b64">
    </UnitTestResult>
    <UnitTestResult executionId="336b7048-0b46-41f4-84a6-c27b4d8241d5" testId="9566efb0-741c-90b7-c3af-168c9f4ebed6" testName="Given_credentials_are_invalid_then_should_return_401" computerName="JAVI-PC" duration="00:00:00.0036677" startTime="2010-09-19T18:25:22.4909083+02:00" endTime="2010-09-19T18:25:22.5009088+02:00" testType="13cdc9d9-ddb5-4fa4-a97d-d965ccfc6d4b" outcome="Passed" testListId="8c84fa94-04c1-424b-9868-57a2d4851a1d" relativeResultsDirectory="336b7048-0b46-41f4-84a6-c27b4d8241d5">
    </UnitTestResult>
    <UnitTestResult executionId="528c1fdf-8e33-4ccb-bd0d-25e003b3e2c9" testId="a9883bd5-00d9-e7fe-8003-6f56df192769" testName="Given_credentials_are_invalid_then_should_return_401" computerName="JAVI-PC" duration="00:00:00.0055006" startTime="2010-09-19T18:25:22.5029089+02:00" endTime="2010-09-19T18:25:22.5139096+02:00" testType="13cdc9d9-ddb5-4fa4-a97d-d965ccfc6d4b" outcome="Passed" testListId="8c84fa94-04c1-424b-9868-57a2d4851a1d" relativeResultsDirectory="528c1fdf-8e33-4ccb-bd0d-25e003b3e2c9">
    </UnitTestResult>
    <UnitTestResult executionId="8b4a1529-d055-42cb-bdd3-48307af5c805" testId="ba1b1b35-e1e2-2b9b-09cc-5b51b77ffa91" testName="Given_timestamp_is_below_the_approved_threshold_then_should_return_401" computerName="JAVI-PC" duration="00:00:00.0035359" startTime="2010-09-19T18:25:22.5149096+02:00" endTime="2010-09-19T18:25:22.5239101+02:00" testType="13cdc9d9-ddb5-4fa4-a97d-d965ccfc6d4b" outcome="Passed" testListId="8c84fa94-04c1-424b-9868-57a2d4851a1d" relativeResultsDirectory="8b4a1529-d055-42cb-bdd3-48307af5c805">
    </UnitTestResult>
    <UnitTestResult executionId="b9306e1e-9ecc-4bb6-94da-da09fca70d31" testId="d2c4f2ed-2807-a47b-bc9e-9a4b6401e12e" testName="Given_credentials_are_valid_then_should_return_200" computerName="JAVI-PC" duration="00:00:01.0092544" startTime="2010-09-19T18:25:22.5299105+02:00" endTime="2010-09-19T18:25:23.5449685+02:00" testType="13cdc9d9-ddb5-4fa4-a97d-d965ccfc6d4b" outcome="Passed" testListId="8c84fa94-04c1-424b-9868-57a2d4851a1d" relativeResultsDirectory="b9306e1e-9ecc-4bb6-94da-da09fca70d31">
    </UnitTestResult>
  </Results>
</TestRun>